Traceback (most recent call last):
  File "/home/siva/Projects/SCSE/venv/bin/uvicorn", line 7, in <module>
    sys.exit(main())
             ~~~~^^
  File "/home/siva/Projects/SCSE/venv/lib/python3.14/site-packages/click/core.py", line 1485, in __call__
    return self.main(*args, **kwargs)
           ~~~~~~~~~^^^^^^^^^^^^^^^^^
  File "/home/siva/Projects/SCSE/venv/lib/python3.14/site-packages/click/core.py", line 1406, in main
    rv = self.invoke(ctx)
  File "/home/siva/Projects/SCSE/venv/lib/python3.14/site-packages/click/core.py", line 1269, in invoke
    return ctx.invoke(self.callback, **ctx.params)
           ~~~~~~~~~~^^^^^^^^^^^^^^^^^^^^^^^^^^^^^
  File "/home/siva/Projects/SCSE/venv/lib/python3.14/site-packages/click/core.py", line 824, in invoke
    return callback(*args, **kwargs)
  File "/home/siva/Projects/SCSE/venv/lib/python3.14/site-packages/uvicorn/main.py", line 424, in main
    run(
    ~~~^
        app,
        ^^^^
    ...<46 lines>...
        h11_max_incomplete_event_size=h11_max_incomplete_event_size,
        ^^^^^^^^^^^^^^^^^^^^^^^^^^^^^^^^^^^^^^^^^^^^^^^^^^^^^^^^^^^^
    )
    ^
  File "/home/siva/Projects/SCSE/venv/lib/python3.14/site-packages/uvicorn/main.py", line 594, in run
    server.run()
    ~~~~~~~~~~^^
  File "/home/siva/Projects/SCSE/venv/lib/python3.14/site-packages/uvicorn/server.py", line 67, in run
    return asyncio_run(self.serve(sockets=sockets), loop_factory=self.config.get_loop_factory())
  File "/usr/lib/python3.14/asyncio/runners.py", line 204, in run
    return runner.run(main)
           ~~~~~~~~~~^^^^^^
  File "/usr/lib/python3.14/asyncio/runners.py", line 127, in run
    return self._loop.run_until_complete(task)
           ~~~~~~~~~~~~~~~~~~~~~~~~~~~~~^^^^^^
  File "/usr/lib/python3.14/asyncio/base_events.py", line 719, in run_until_complete
    return future.result()
           ~~~~~~~~~~~~~^^
  File "/home/siva/Projects/SCSE/venv/lib/python3.14/site-packages/uvicorn/server.py", line 71, in serve
    await self._serve(sockets)
  File "/home/siva/Projects/SCSE/venv/lib/python3.14/site-packages/uvicorn/server.py", line 78, in _serve
    config.load()
    ~~~~~~~~~~~^^
  File "/home/siva/Projects/SCSE/venv/lib/python3.14/site-packages/uvicorn/config.py", line 439, in load
    self.loaded_app = import_from_string(self.app)
                      ~~~~~~~~~~~~~~~~~~^^^^^^^^^^
  File "/home/siva/Projects/SCSE/venv/lib/python3.14/site-packages/uvicorn/importer.py", line 22, in import_from_string
    raise exc from None
  File "/home/siva/Projects/SCSE/venv/lib/python3.14/site-packages/uvicorn/importer.py", line 19, in import_from_string
    module = importlib.import_module(module_str)
  File "/usr/lib/python3.14/importlib/__init__.py", line 88, in import_module
    return _bootstrap._gcd_import(name[level:], package, level)
           ~~~~~~~~~~~~~~~~~~~~~~^^^^^^^^^^^^^^^^^^^^^^^^^^^^^^
  File "<frozen importlib._bootstrap>", line 1398, in _gcd_import
  File "<frozen importlib._bootstrap>", line 1371, in _find_and_load
  File "<frozen importlib._bootstrap>", line 1342, in _find_and_load_unlocked
  File "<frozen importlib._bootstrap>", line 938, in _load_unlocked
  File "<frozen importlib._bootstrap_external>", line 759, in exec_module
  File "<frozen importlib._bootstrap>", line 491, in _call_with_frames_removed
  File "/home/siva/Projects/SCSE/src/main.py", line 28, in <module>
    from fastapi.staticmethod import StaticFiles
ModuleNotFoundError: No module named 'fastapi.staticmethod'
